  console.log
    [Catalog] Fetching metadata for 1 items...

      at log (server_lite.js:406:17)

  console.log
    [Report] User 150e74 reported tt123 (Seg: undefined): No reason

      at log (server_lite.js:294:13)

  console.log
    [Report] User b13a5e reported tt123 (Seg: undefined): Bad sync

      at log (server_lite.js:294:13)

  console.log
    [Submit] User 8ce4b1 submitted 10-20s for tt

      at log (server_lite.js:351:13)

node.exe : FAIL tests/integration/api.test.js (10.924 s)
At C:\Program Files\nodejs\npx.ps1:29 char:3
+   & $NODE_EXE $NPX_CLI_JS $args
+   ~~~~~~~~~~~~~~~~~~~~~~~~~~~~~
    + CategoryInfo          : NotSpecified: (FAIL tests/inte...t.js (10.924 s):String) [], RemoteException
    + FullyQualifiedErrorId : NativeCommandError
 
  API Integration
    Public endpoints (GET)
      ΓêÜ GET /api/stats should return stats (27 ms)
      ΓêÜ GET /api/catalog should return catalog structure (43 ms)
      ΓêÜ GET /manifest.json should return the addon manifest (5 ms)
    Personal Stats (POST /api/stats/personal)
      ΓêÜ should return 400 if RD Key is missing (17 ms)
      ΓêÜ should return user stats with history if key provided (5 ms)
    Reporting (POST /api/report)
      ΓêÜ should return 400 if missing videoId or Key (4 ms)
      ΓêÜ should return 401 if RD Key is invalid (Mocked Axios) (12 ms)
      ├ù should succeed if key valid (5003 ms)
    Submissions (POST /api/submit)
      ΓêÜ should return 400 if fields missing (5 ms)
      ├ù should submit successfully with valid data (5001 ms)

  ΓùÅ API Integration ΓÇ║ Reporting (POST /api/report) ΓÇ║ should succeed if key valid

    thrown: "Exceeded timeout of 5000 ms for a test.
    Add a timeout value to this test to increase the timeout, if this is a long-running test. See https://jestjs.io/docs/api#testname-fn-timeout."

    [0m [90m 85 |[39m         })[33m;[39m
     [90m 86 |[39m
    [31m[1m>[22m[39m[90m 87 |[39m         it([32m'should succeed if key valid'[39m[33m,[39m [36masync[39m () [33m=>[39m {
     [90m    |[39m         [31m[1m^[22m[39m
     [90m 88 |[39m             [90m// Mock Success[39m
     [90m 89 |[39m             axios[33m.[39m[36mget[39m[33m.[39mmockResolvedValue({ data[33m:[39m { id[33m:[39m [35m12345[39m } })[33m;[39m
     [90m 90 |[39m[0m

      at it (tests/integration/api.test.js:87:9)
      at describe (tests/integration/api.test.js:71:5)
      at Object.describe (tests/integration/api.test.js:29:1)

  ΓùÅ API Integration ΓÇ║ Reporting (POST /api/report) ΓÇ║ should succeed if key valid

    ReferenceError: skipService is not defined

    [0m [90m 304 |[39m
     [90m 305 |[39m     [90m// Register Report in Skip Service[39m
    [31m[1m>[22m[39m[90m 306 |[39m     [36mawait[39m skipService[33m.[39mreportSegment(videoId[33m,[39m segmentIndex [33m||[39m [35m0[39m)[33m;[39m
     [90m     |[39m     [31m[1m^[22m[39m
     [90m 307 |[39m
     [90m 308 |[39m     [90m// Track impact[39m
     [90m 309 |[39m     [36mawait[39m userService[33m.[39mupdateUserStats(userId[33m,[39m {[0m

      at server_lite.js:306:5

  ΓùÅ API Integration ΓÇ║ Submissions (POST /api/submit) ΓÇ║ should submit successfully with valid data

    thrown: "Exceeded timeout of 5000 ms for a test.
    Add a timeout value to this test to increase the timeout, if this is a long-running test. See https://jestjs.io/docs/api#testname-fn-timeout."

    [0m [90m 103 |[39m         })[33m;[39m
     [90m 104 |[39m
    [31m[1m>[22m[39m[90m 105 |[39m         it([32m'should submit successfully with valid data'[39m[33m,[39m [36masync[39m () [33m=>[39m {
     [90m     |[39m         [31m[1m^[22m[39m
     [90m 106 |[39m             [90m// Implementation of Axios Mock that handles "real-debrid" calls AND "omdbapi" calls[39m
     [90m 107 |[39m             axios[33m.[39m[36mget[39m[33m.[39mmockImplementation((url) [33m=>[39m {
     [90m 108 |[39m                 [36mif[39m (url[33m.[39mincludes([32m'real-debrid'[39m)) [36mreturn[39m [33mPromise[39m[33m.[39mresolve({ data[33m:[39m 
{ id[33m:[39m [35m12345[39m } })[33m;[39m[0m

      at it (tests/integration/api.test.js:105:9)
      at describe (tests/integration/api.test.js:99:5)
      at Object.describe (tests/integration/api.test.js:29:1)

  ΓùÅ API Integration ΓÇ║ Submissions (POST /api/submit) ΓÇ║ should submit successfully with valid data

    ReferenceError: skipService is not defined

    [0m [90m 351 |[39m     console[33m.[39mlog([32m`[Submit] User ${userId.substr(0, 6)} submitted ${start}-${end}s for ${fullId}`[39m)[33m;[39m
     [90m 352 |[39m
    [31m[1m>[22m[39m[90m 353 |[39m     [36mconst[39m newSeg [33m=[39m [36mawait[39m skipService[33m.[39maddSkipSegment(fullId[33m,[39m 
parseFloat(start)[33m,[39m parseFloat(end)[33m,[39m label [33m||[39m [32m"Intro"[39m[33m,[39m userId)[33m;[39m
     [90m     |[39m                    [31m[1m^[22m[39m
     [90m 354 |[39m
     [90m 355 |[39m     [90m// Give user credit[39m
     [90m 356 |[39m     [36mawait[39m userService[33m.[39mupdateUserStats(userId[33m,[39m {[0m

      at server_lite.js:353:20

Test Suites: 1 failed, 1 total
Tests:       2 failed, 8 passed, 10 total
Snapshots:   0 total
Time:        11.029 s
Ran all test suites matching tests/integration/api.test.js.
Jest did not exit one second after the test run has completed.

'This usually means that there are asynchronous operations that weren't stopped in your tests. Consider running Jest with `--detectOpenHandles` to troubleshoot this issue.
